../Drivers/src/lpc17xx_pwm.c:64:11:PWM_GetIntStatus	16	static
../Drivers/src/lpc17xx_pwm.c:89:6:PWM_ClearIntPending	16	static
../Drivers/src/lpc17xx_pwm.c:115:6:PWM_ConfigStructInit	0	static
../Drivers/src/lpc17xx_pwm.c:150:6:PWM_Init	24	static
../Drivers/src/lpc17xx_pwm.c:211:6:PWM_DeInit	8	static
../Drivers/src/lpc17xx_pwm.c:230:6:PWM_Cmd	16	static
../Drivers/src/lpc17xx_pwm.c:254:6:PWM_CounterCmd	16	static
../Drivers/src/lpc17xx_pwm.c:274:6:PWM_ResetCounter	8	static
../Drivers/src/lpc17xx_pwm.c:290:6:PWM_ConfigMatch	16	static
../Drivers/src/lpc17xx_pwm.c:341:6:PWM_ConfigCapture	16	static
../Drivers/src/lpc17xx_pwm.c:388:10:PWM_GetCaptureValue	16	static
../Drivers/src/lpc17xx_pwm.c:419:6:PWM_MatchUpdate	24	static
../Drivers/src/lpc17xx_pwm.c:479:6:PWM_ChannelConfig	24	static
../Drivers/src/lpc17xx_pwm.c:508:6:PWM_ChannelCmd	16	static
