../Drivers/src/lpc17xx_uart.c:186:6:UART_Init	56	static
../Drivers/src/lpc17xx_uart.c:442:6:UART_ConfigStructInit	0	static
../Drivers/src/lpc17xx_uart.c:461:6:UART_SendByte	16	static
../Drivers/src/lpc17xx_uart.c:486:9:UART_ReceiveByte	8	static
../Drivers/src/lpc17xx_uart.c:516:10:UART_Send	32	static
../Drivers/src/lpc17xx_uart.c:581:10:UART_Receive	24	static
../Drivers/src/lpc17xx_uart.c:632:6:UART_ForceBreak	8	static
../Drivers/src/lpc17xx_uart.c:669:6:UART_IntConfig	24	static
../Drivers/src/lpc17xx_uart.c:750:9:UART_GetLineStatus	8	static
../Drivers/src/lpc17xx_uart.c:773:10:UART_GetIntId	8	static
../Drivers/src/lpc17xx_uart.c:788:12:UART_CheckBusy	0	static
../Drivers/src/lpc17xx_uart.c:809:6:UART_FIFOConfig	16	static
../Drivers/src/lpc17xx_uart.c:873:6:UART_FIFOConfigStructInit	0	static
../Drivers/src/lpc17xx_uart.c:899:6:UART_ABCmd	16	static
../Drivers/src/lpc17xx_uart.c:967:6:UART_ABClearIntPending	16	static
../Drivers/src/lpc17xx_uart.c:990:6:UART_TxCmd	16	static
../Drivers/src/lpc17xx_uart.c:392:6:UART_DeInit	8	static
../Drivers/src/lpc17xx_uart.c:1032:6:UART_IrDAInvtInputCmd	16	static
../Drivers/src/lpc17xx_uart.c:1056:6:UART_IrDACmd	16	static
../Drivers/src/lpc17xx_uart.c:1088:6:UART_IrDAPulseDivConfig	16	static
../Drivers/src/lpc17xx_uart.c:1118:6:UART_FullModemForcePinState	16	static
../Drivers/src/lpc17xx_uart.c:1158:6:UART_FullModemConfigMode	16	static
../Drivers/src/lpc17xx_uart.c:1204:9:UART_FullModemGetStatus	8	static
../Drivers/src/lpc17xx_uart.c:1222:6:UART_RS485Config	16	static
../Drivers/src/lpc17xx_uart.c:1294:6:UART_RS485ReceiverCmd	0	static
../Drivers/src/lpc17xx_uart.c:1311:10:UART_RS485Send	16	static
../Drivers/src/lpc17xx_uart.c:1337:6:UART_RS485SendSlvAddr	24	static
../Drivers/src/lpc17xx_uart.c:1349:10:UART_RS485SendData	0	static
