../Drivers/src/lpc17xx_gpio.c:47:26:GPIO_GetPointer	0	static
../Drivers/src/lpc17xx_gpio.c:147:6:GPIO_SetDir	16	static
../Drivers/src/lpc17xx_gpio.c:163:6:GPIO_SetPins	16	static
../Drivers/src/lpc17xx_gpio.c:173:6:GPIO_ClearPins	16	static
../Drivers/src/lpc17xx_gpio.c:183:6:GPIO_WriteValue	16	static
../Drivers/src/lpc17xx_gpio.c:194:10:GPIO_ReadValue	8	static
../Drivers/src/lpc17xx_gpio.c:206:6:GPIO_TogglePins	16	static
../Drivers/src/lpc17xx_gpio.c:219:6:GPIO_SetMask	16	static
../Drivers/src/lpc17xx_gpio.c:235:6:GPIO_IntCmd	8	static
../Drivers/src/lpc17xx_gpio.c:249:17:GPIO_GetPortIntStatus	8	static
../Drivers/src/lpc17xx_gpio.c:259:17:GPIO_GetPinIntStatus	8	static
../Drivers/src/lpc17xx_gpio.c:274:6:GPIO_ClearInt	0	static
../Drivers/src/lpc17xx_gpio.c:284:6:FIO_SetDir	0	static
../Drivers/src/lpc17xx_gpio.c:288:6:FIO_SetPins	0	static
../Drivers/src/lpc17xx_gpio.c:292:6:FIO_ClearPins	0	static
../Drivers/src/lpc17xx_gpio.c:296:6:FIO_WriteValue	0	static
../Drivers/src/lpc17xx_gpio.c:300:10:FIO_ReadValue	0	static
../Drivers/src/lpc17xx_gpio.c:304:6:FIO_TogglePins	0	static
../Drivers/src/lpc17xx_gpio.c:308:6:FIO_SetMask	0	static
../Drivers/src/lpc17xx_gpio.c:312:6:FIO_IntCmd	0	static
../Drivers/src/lpc17xx_gpio.c:316:17:FIO_GetPortIntStatus	0	static
../Drivers/src/lpc17xx_gpio.c:320:17:FIO_GetPinIntStatus	0	static
../Drivers/src/lpc17xx_gpio.c:324:6:FIO_ClearInt	0	static
../Drivers/src/lpc17xx_gpio.c:329:6:FIO_HalfWordSetDir	24	static
../Drivers/src/lpc17xx_gpio.c:355:6:FIO_HalfWordSetPins	16	static
../Drivers/src/lpc17xx_gpio.c:370:6:FIO_HalfWordClearPins	16	static
../Drivers/src/lpc17xx_gpio.c:385:6:FIO_HalfWordWriteValue	16	static
../Drivers/src/lpc17xx_gpio.c:402:10:FIO_HalfWordReadValue	16	static
../Drivers/src/lpc17xx_gpio.c:417:6:FIO_HalfWordTogglePins	16	static
../Drivers/src/lpc17xx_gpio.c:436:6:FIO_HalfWordSetMask	24	static
../Drivers/src/lpc17xx_gpio.c:459:6:FIO_ByteSetDir	24	static
../Drivers/src/lpc17xx_gpio.c:473:6:FIO_ByteSetPins	16	static
../Drivers/src/lpc17xx_gpio.c:483:6:FIO_ByteClearPins	16	static
../Drivers/src/lpc17xx_gpio.c:493:6:FIO_ByteWriteValue	16	static
../Drivers/src/lpc17xx_gpio.c:504:9:FIO_ByteReadValue	16	static
../Drivers/src/lpc17xx_gpio.c:515:6:FIO_ByteTogglePins	16	static
../Drivers/src/lpc17xx_gpio.c:527:6:FIO_ByteSetMask	24	static
